A51 MACRO ASSEMBLER  W                                                                    11/03/2020 19:51:08 PAGE     1


MACRO ASSEMBLER A51 V8.2.7.0
NO OBJECT MODULE REQUESTED
ASSEMBLER INVOKED BY: D:\c51keil\C51\BIN\A51.EXE w.asm SET(SMALL) DEBUG PRINT(.\Listings\w.lst) OBJECT(.\Objects\w.obj) EP

LOC  OBJ            LINE     SOURCE

0000                   1             ORG 0000H
0000 7400              2             MOV A, #0
0002                   3             PUSH A
*** ______________________________________^
*** ERROR #A22 IN 3 (w.asm, LINE 3): EXPRESSION TYPE DOES NOT MATCH INSTRUCTION
0002 80FE              4             SJMP $
*** WARNING #A41 IN 4 (w.asm, LINE 4): MISSING 'END' STATEMENT
A51 MACRO ASSEMBLER  W                                                                    11/03/2020 19:51:08 PAGE     2

SYMBOL TABLE LISTING
------ ----- -------


N A M E             T Y P E  V A L U E   ATTRIBUTES



REGISTER BANK(S) USED: 0 


ASSEMBLY COMPLETE.  1 WARNING(S), 1 ERROR(S)
